with_flag_types version unknown (built from source)
